// Jest Snapshot v1, https://goo.gl/fbAQLP

exports[`Loader component matches the snapshot 1`] = `
<div
  id="spinner"
/>
`;
